current directory: /Users/xiaolin/Documents/GitHub/newhomepage/vendor/bundle/ruby/3.2.0/gems/http_parser.rb-0.8.0/ext/ruby_http_parser
/Users/xiaolin/.rbenv/versions/3.2.4/bin/ruby extconf.rb
creating Makefile

current directory: /Users/xiaolin/Documents/GitHub/newhomepage/vendor/bundle/ruby/3.2.0/gems/http_parser.rb-0.8.0/ext/ruby_http_parser
make DESTDIR\= sitearchdir\=./.gem.20250721-62780-iom4co sitelibdir\=./.gem.20250721-62780-iom4co clean

current directory: /Users/xiaolin/Documents/GitHub/newhomepage/vendor/bundle/ruby/3.2.0/gems/http_parser.rb-0.8.0/ext/ruby_http_parser
make DESTDIR\= sitearchdir\=./.gem.20250721-62780-iom4co sitelibdir\=./.gem.20250721-62780-iom4co
compiling ruby_http_parser.c
ruby_http_parser.c:365:17: warning: comparison of integers of different signs: 'size_t' (aka 'unsigned long') and 'long' [-Wsign-compare]
  365 |     if (nparsed < len)
      |         ~~~~~~~ ^ ~~~
1 warning generated.
compiling ryah_http_parser.c
linking shared-object ruby_http_parser.bundle
ld: warning: ignoring duplicate libraries: '-lruby.3.2'

current directory: /Users/xiaolin/Documents/GitHub/newhomepage/vendor/bundle/ruby/3.2.0/gems/http_parser.rb-0.8.0/ext/ruby_http_parser
make DESTDIR\= sitearchdir\=./.gem.20250721-62780-iom4co sitelibdir\=./.gem.20250721-62780-iom4co install
/usr/bin/install -c -m 0755 ruby_http_parser.bundle ./.gem.20250721-62780-iom4co

current directory: /Users/xiaolin/Documents/GitHub/newhomepage/vendor/bundle/ruby/3.2.0/gems/http_parser.rb-0.8.0/ext/ruby_http_parser
make DESTDIR\= sitearchdir\=./.gem.20250721-62780-iom4co sitelibdir\=./.gem.20250721-62780-iom4co clean
